root@ip-192-40-2-172:/home/ubuntu# pwd
/home/ubuntu
root@ip-192-40-2-172:/home/ubuntu# ls
root@ip-192-40-2-172:/home/ubuntu# ls -al
total 32
drwxr-x--- 4 ubuntu ubuntu 4096 Feb  7 03:48 .
drwxr-xr-x 3 root   root   4096 Feb  7 03:47 ..
-rw------- 1 ubuntu ubuntu   61 Feb  7 03:47 .Xauthority
-rw-r--r-- 1 ubuntu ubuntu  220 Mar 31  2024 .bash_logout
-rw-r--r-- 1 ubuntu ubuntu 3771 Mar 31  2024 .bashrc
drwx------ 2 ubuntu ubuntu 4096 Feb  7 03:47 .cache
-rw-r--r-- 1 ubuntu ubuntu  807 Mar 31  2024 .profile
drwx------ 2 ubuntu ubuntu 4096 Feb  7 03:47 .ssh
-rw-r--r-- 1 ubuntu ubuntu    0 Feb  7 03:48 .sudo_as_admin_successful
root@ip-192-40-2-172:/home/ubuntu# mkdir ram
root@ip-192-40-2-172:/home/ubuntu# cd ram
root@ip-192-40-2-172:/home/ubuntu/ram# vim ram
root@ip-192-40-2-172:/home/ubuntu/ram# sh ram
Ravi::Hello Ram, How are you.... ?
Ram::Hi Ravi Iam Fine How are you doing...?
Ravi::Iam doing good Ram What going on..
Ram::Iam staring learing shellscripting Ravi
root@ip-192-40-2-172:/home/ubuntu/ram# vim ram
root@ip-192-40-2-172:/home/ubuntu/ram# vim ram
root@ip-192-40-2-172:/home/ubuntu/ram# sh ram
-e Ravi::  Hello Ram, How are you.... ?
-e Ram::  Hi Ravi Iam Fine How are you doing...?
-e Ravi::  Iam doing good Ram What going on..
-e Ram::  Iam staring learing shellscripting Ravi
root@ip-192-40-2-172:/home/ubuntu/ram# vim ram
root@ip-192-40-2-172:/home/ubuntu/ram# sh ram
-e Ravi::  Hello Ram, How are you.... ?
-e Ram::  Hi Ravi Iam Fine How are you doing...?
-e Ravi::  Iam doing good Ram What going on..
-e Ram::  Iam staring learing shellscripting Ravi
root@ip-192-40-2-172:/home/ubuntu/ram# cd ..
root@ip-192-40-2-172:/home/ubuntu# mkdir ntr
root@ip-192-40-2-172:/home/ubuntu# cd ntr
root@ip-192-40-2-172:/home/ubuntu/ntr# ls
root@ip-192-40-2-172:/home/ubuntu/ntr# touch rrr
root@ip-192-40-2-172:/home/ubuntu/ntr# nano rrr
root@ip-192-40-2-172:/home/ubuntu/ntr# cat rrr
fcgvjhbkjnlkmmmmmmmmmmmmmmm,hbjnlkm;l,'
xfcghbjnlkm;l,';.xfcgvhbkjnlk;m,.fcgvhbkjnlkm;l,';.
xffcgvhbjnkml,
fguhijk;l';.'
xdfcgvhbjnlkml,;./
xfcgvhbkjnlmk,./?
dxdfcgvhbjnk;l '.xfcgvhbkjnl,
.ctvhbjnkml,;.'
xrxcvbjnkml',/.
cvhibjnlkm;l,./
fcgvhbjnkml,./
rytuyguohipjokpl[;
rtfyguhijl,
O

root@ip-192-40-2-172:/home/ubuntu/ntr# pwd
/home/ubuntu/ntr
root@ip-192-40-2-172:/home/ubuntu/ntr# cd ..
root@ip-192-40-2-172:/home/ubuntu# cd ...
bash: cd: ...: No such file or directory
root@ip-192-40-2-172:/home/ubuntu# cd ..
root@ip-192-40-2-172:/home# cd ..
root@ip-192-40-2-172:/# ls
bin                boot  etc   lib                lib64       media  opt   root  sbin                snap  sys  usr
bin.usr-is-merged  dev   home  lib.usr-is-merged  lost+found  mnt    proc  run   sbin.usr-is-merged  srv   tmp  var
root@ip-192-40-2-172:/# cd tmp
root@ip-192-40-2-172:/tmp# ls
snap-private-tmp                                                              systemd-private-cfd079adb38a4f76ae404eb4ef4116d0-polkit.service-O4KVyp
systemd-private-cfd079adb38a4f76ae404eb4ef4116d0-ModemManager.service-fKKkT6  systemd-private-cfd079adb38a4f76ae404eb4ef4116d0-systemd-logind.service-D4
systemd-private-cfd079adb38a4f76ae404eb4ef4116d0-chrony.service-dabmGY        systemd-private-cfd079adb38a4f76ae404eb4ef4116d0-systemd-resolved.service-
systemd-private-cfd079adb38a4f76ae404eb4ef4116d0-fwupd.service-dULNxe
root@ip-192-40-2-172:/tmp# pwd
/tmp
root@ip-192-40-2-172:/tmp# ^C
root@ip-192-40-2-172:/tmp# cd /home/ubuntu/ntr
root@ip-192-40-2-172:/home/ubuntu/ntr# ls
rrr
root@ip-192-40-2-172:/home/ubuntu/ntr# mv rrr /tmp
root@ip-192-40-2-172:/home/ubuntu/ntr# cd /tmp
root@ip-192-40-2-172:/tmp# ls
rrr                                                                           systemd-private-cfd079adb38a4f76ae404eb4ef4116d0-fwupd.service-dULNxe
snap-private-tmp                                                              systemd-private-cfd079adb38a4f76ae404eb4ef4116d0-polkit.service-O4KVyp
systemd-private-cfd079adb38a4f76ae404eb4ef4116d0-ModemManager.service-fKKkT6  systemd-private-cfd079adb38a4f76ae404eb4ef4116d0-systemd-logind.service-D4
systemd-private-cfd079adb38a4f76ae404eb4ef4116d0-chrony.service-dabmGY        systemd-private-cfd079adb38a4f76ae404eb4ef4116d0-systemd-resolved.service-
root@ip-192-40-2-172:/tmp# cat rrr
fcgvjhbkjnlkmmmmmmmmmmmmmmm,hbjnlkm;l,'
xfcghbjnlkm;l,';.xfcgvhbkjnlk;m,.fcgvhbkjnlkm;l,';.
xffcgvhbjnkml,
fguhijk;l';.'
xdfcgvhbjnlkml,;./
xfcgvhbkjnlmk,./?
dxdfcgvhbjnk;l '.xfcgvhbkjnl,
.ctvhbjnkml,;.'
xrxcvbjnkml',/.
cvhibjnlkm;l,./
fcgvhbjnkml,./
rytuyguohipjokpl[;
rtfyguhijl,
O

root@ip-192-40-2-172:/tmp# cd ..
root@ip-192-40-2-172:/# ls
bin                boot  etc   lib                lib64       media  opt   root  sbin                snap  sys  usr
bin.usr-is-merged  dev   home  lib.usr-is-merged  lost+found  mnt    proc  run   sbin.usr-is-merged  srv   tmp  var
root@ip-192-40-2-172:/# cd usr
root@ip-192-40-2-172:/usr# ls
bin  games  include  lib  lib64  libexec  local  sbin  share  src
root@ip-192-40-2-172:/usr# pwd
/usr
root@ip-192-40-2-172:/usr# cd /home/ubuntu/ntr
root@ip-192-40-2-172:/home/ubuntu/ntr# ls
root@ip-192-40-2-172:/home/ubuntu/ntr# ls
root@ip-192-40-2-172:/home/ubuntu/ntr# cat Hellow  ntr >> devara.txt
cat: Hellow: No such file or directory
cat: ntr: No such file or directory
root@ip-192-40-2-172:/home/ubuntu/ntr# cat >> devara.txt Hello ntr
cat: Hello: No such file or directory
cat: ntr: No such file or directory
root@ip-192-40-2-172:/home/ubuntu/ntr# cat >> devara.txt
Hello ntr sir
nothing sir ^C
root@ip-192-40-2-172:/home/ubuntu/ntr# ls
devara.txt
root@ip-192-40-2-172:/home/ubuntu/ntr# cat devara.txt
Hello ntr sir
root@ip-192-40-2-172:/home/ubuntu/ntr# cat >> devara.txt
notting sir

^C
root@ip-192-40-2-172:/home/ubuntu/ntr# cat devara.txt
Hello ntr sir
notting sir

root@ip-192-40-2-172:/home/ubuntu/ntr# cat >> Devara2.txt
bloackbaster movies in indian cinema

^C
root@ip-192-40-2-172:/home/ubuntu/ntr# ls
Devara2.txt  devara.txt
root@ip-192-40-2-172:/home/ubuntu/ntr# cat devara.txt >> Devara2.txt
root@ip-192-40-2-172:/home/ubuntu/ntr# cat Devara2.txt
bloackbaster movies in indian cinema

Hello ntr sir
notting sir

root@ip-192-40-2-172:/home/ubuntu/ntr# cat devara.txt Devara2.txt >> Shiva.txt
root@ip-192-40-2-172:/home/ubuntu/ntr# ls
Devara2.txt  Shiva.txt  devara.txt
root@ip-192-40-2-172:/home/ubuntu/ntr# cat Shiva.txt
Hello ntr sir
notting sir

bloackbaster movies in indian cinema

Hello ntr sir
notting sir

root@ip-192-40-2-172:/home/ubuntu/ntr# cat -e Shiva.txt
Hello ntr sir $
notting sir $
$
bloackbaster movies in indian cinema $
$
Hello ntr sir $
notting sir $
$
root@ip-192-40-2-172:/home/ubuntu/ntr# cat -A Shiva.txt
Hello ntr sir $
notting sir $
$
bloackbaster movies in indian cinema $
$
Hello ntr sir $
notting sir $
$
root@ip-192-40-2-172:/home/ubuntu/ntr# cat -s Shiva.txt
Hello ntr sir
notting sir

bloackbaster movies in indian cinema

Hello ntr sir
notting sir

root@ip-192-40-2-172:/home/ubuntu/ntr# cat -n Shiva.txt
     1  Hello ntr sir
     2  notting sir
     3
     4  bloackbaster movies in indian cinema
     5
     6  Hello ntr sir
     7  notting sir
     8
root@ip-192-40-2-172:/home/ubuntu/ntr# cat -- Shiva.txt
Hello ntr sir
notting sir

bloackbaster movies in indian cinema

Hello ntr sir
notting sir

root@ip-192-40-2-172:/home/ubuntu/ntr# cat -- "Shiva.txt"
Hello ntr sir
notting sir

bloackbaster movies in indian cinema

Hello ntr sir
notting sir

root@ip-192-40-2-172:/home/ubuntu/ntr# ls
Devara2.txt  Shiva.txt  devara.txt
root@ip-192-40-2-172:/home/ubuntu/ntr# cp Shiva.txt /tmp
root@ip-192-40-2-172:/home/ubuntu/ntr# cd /tmp
root@ip-192-40-2-172:/tmp# ls
Shiva.txt                                                                     systemd-private-cfd079adb38a4f76ae404eb4ef4116d0-fwupd.service-dULNxe
rrr                                                                           systemd-private-cfd079adb38a4f76ae404eb4ef4116d0-polkit.service-O4KVyp
snap-private-tmp                                                              systemd-private-cfd079adb38a4f76ae404eb4ef4116d0-systemd-logind.service-D4
systemd-private-cfd079adb38a4f76ae404eb4ef4116d0-ModemManager.service-fKKkT6  systemd-private-cfd079adb38a4f76ae404eb4ef4116d0-systemd-resolved.service-
systemd-private-cfd079adb38a4f76ae404eb4ef4116d0-chrony.service-dabmGY
root@ip-192-40-2-172:/tmp# cat -n Shiva.txt
     1  Hello ntr sir
     2  notting sir
     3
     4  bloackbaster movies in indian cinema
     5
     6  Hello ntr sir
     7  notting sir
     8
root@ip-192-40-2-172:/tmp# find Shiva.txt ntr
Shiva.txt
find: ‘ntr’: No such file or directory
root@ip-192-40-2-172:/tmp# find Shiva.txt -name ntr
root@ip-192-40-2-172:/tmp# find ./ Shiva.txt
./
./.X11-unix
./systemd-private-cfd079adb38a4f76ae404eb4ef4116d0-systemd-resolved.service-l0Ql11
./systemd-private-cfd079adb38a4f76ae404eb4ef4116d0-systemd-resolved.service-l0Ql11/tmp
./systemd-private-cfd079adb38a4f76ae404eb4ef4116d0-chrony.service-dabmGY
./systemd-private-cfd079adb38a4f76ae404eb4ef4116d0-chrony.service-dabmGY/tmp
./systemd-private-cfd079adb38a4f76ae404eb4ef4116d0-polkit.service-O4KVyp
./systemd-private-cfd079adb38a4f76ae404eb4ef4116d0-polkit.service-O4KVyp/tmp
./snap-private-tmp
./Shiva.txt
./.XIM-unix
./.font-unix
./rrr
./systemd-private-cfd079adb38a4f76ae404eb4ef4116d0-ModemManager.service-fKKkT6
./systemd-private-cfd079adb38a4f76ae404eb4ef4116d0-ModemManager.service-fKKkT6/tmp
./.ICE-unix
./systemd-private-cfd079adb38a4f76ae404eb4ef4116d0-systemd-logind.service-D4ZJQv
./systemd-private-cfd079adb38a4f76ae404eb4ef4116d0-systemd-logind.service-D4ZJQv/tmp
./systemd-private-cfd079adb38a4f76ae404eb4ef4116d0-fwupd.service-dULNxe
./systemd-private-cfd079adb38a4f76ae404eb4ef4116d0-fwupd.service-dULNxe/tmp
Shiva.txt
root@ip-192-40-2-172:/tmp# find ./ -name Shiva.txt
./Shiva.txt
root@ip-192-40-2-172:/tmp# find /home/ubuntu/ -name Shiva.txt
/home/ubuntu/ntr/Shiva.txt
root@ip-192-40-2-172:/tmp# find type -d
find: warning: the -d option is deprecated; please use -depth instead, because the latter is a POSIX-compliant feature.
find: ‘type’: No such file or directory
root@ip-192-40-2-172:/tmp# find . type -d
find: warning: the -d option is deprecated; please use -depth instead, because the latter is a POSIX-compliant feature.
./.X11-unix
./systemd-private-cfd079adb38a4f76ae404eb4ef4116d0-systemd-resolved.service-l0Ql11/tmp
./systemd-private-cfd079adb38a4f76ae404eb4ef4116d0-systemd-resolved.service-l0Ql11
./systemd-private-cfd079adb38a4f76ae404eb4ef4116d0-chrony.service-dabmGY/tmp
./systemd-private-cfd079adb38a4f76ae404eb4ef4116d0-chrony.service-dabmGY
./systemd-private-cfd079adb38a4f76ae404eb4ef4116d0-polkit.service-O4KVyp/tmp
./systemd-private-cfd079adb38a4f76ae404eb4ef4116d0-polkit.service-O4KVyp
./snap-private-tmp
./Shiva.txt
./.XIM-unix
./.font-unix
./rrr
./systemd-private-cfd079adb38a4f76ae404eb4ef4116d0-ModemManager.service-fKKkT6/tmp
./systemd-private-cfd079adb38a4f76ae404eb4ef4116d0-ModemManager.service-fKKkT6
./.ICE-unix
./systemd-private-cfd079adb38a4f76ae404eb4ef4116d0-systemd-logind.service-D4ZJQv/tmp
./systemd-private-cfd079adb38a4f76ae404eb4ef4116d0-systemd-logind.service-D4ZJQv
./systemd-private-cfd079adb38a4f76ae404eb4ef4116d0-fwupd.service-dULNxe/tmp
./systemd-private-cfd079adb38a4f76ae404eb4ef4116d0-fwupd.service-dULNxe
.
find: ‘type’: No such file or directory
root@ip-192-40-2-172:/tmp# find . -type -d
find: Unknown argument to -type: -
root@ip-192-40-2-172:/tmp# find . -type d
.
./.X11-unix
./systemd-private-cfd079adb38a4f76ae404eb4ef4116d0-systemd-resolved.service-l0Ql11
./systemd-private-cfd079adb38a4f76ae404eb4ef4116d0-systemd-resolved.service-l0Ql11/tmp
./systemd-private-cfd079adb38a4f76ae404eb4ef4116d0-chrony.service-dabmGY
./systemd-private-cfd079adb38a4f76ae404eb4ef4116d0-chrony.service-dabmGY/tmp
./systemd-private-cfd079adb38a4f76ae404eb4ef4116d0-polkit.service-O4KVyp
./systemd-private-cfd079adb38a4f76ae404eb4ef4116d0-polkit.service-O4KVyp/tmp
./snap-private-tmp
./.XIM-unix
./.font-unix
./systemd-private-cfd079adb38a4f76ae404eb4ef4116d0-ModemManager.service-fKKkT6
./systemd-private-cfd079adb38a4f76ae404eb4ef4116d0-ModemManager.service-fKKkT6/tmp
./.ICE-unix
./systemd-private-cfd079adb38a4f76ae404eb4ef4116d0-systemd-logind.service-D4ZJQv
./systemd-private-cfd079adb38a4f76ae404eb4ef4116d0-systemd-logind.service-D4ZJQv/tmp
./systemd-private-cfd079adb38a4f76ae404eb4ef4116d0-fwupd.service-dULNxe
./systemd-private-cfd079adb38a4f76ae404eb4ef4116d0-fwupd.service-dULNxe/tmp
root@ip-192-40-2-172:/tmp# man
What manual page do you want?
For example, try 'man man'.
root@ip-192-40-2-172:/tmp# open Shiva.txt
Command 'open' not found, but can be installed with:
apt install mailcap    # version 3.70+nmu1ubuntu1, or
apt install xdg-utils  # version 1.1.3-4.1ubuntu3
root@ip-192-40-2-172:/tmp# gzip Shiva.txt
root@ip-192-40-2-172:/tmp# ls
Shiva.txt.gz                                                                  systemd-private-cfd079adb38a4f76ae404eb4ef4116d0-fwupd.service-dULNxe
rrr                                                                           systemd-private-cfd079adb38a4f76ae404eb4ef4116d0-polkit.service-O4KVyp
snap-private-tmp                                                              systemd-private-cfd079adb38a4f76ae404eb4ef4116d0-systemd-logind.service-D4
systemd-private-cfd079adb38a4f76ae404eb4ef4116d0-ModemManager.service-fKKkT6  systemd-private-cfd079adb38a4f76ae404eb4ef4116d0-systemd-resolved.service-
systemd-private-cfd079adb38a4f76ae404eb4ef4116d0-chrony.service-dabmGY
root@ip-192-40-2-172:/tmp# unzip Shiva.txt
Command 'unzip' not found, but can be installed with:
apt install unzip
root@ip-192-40-2-172:/tmp# gunzip Shiva.txt
root@ip-192-40-2-172:/tmp# ls
Shiva.txt                                                                     systemd-private-cfd079adb38a4f76ae404eb4ef4116d0-fwupd.service-dULNxe
rrr                                                                           systemd-private-cfd079adb38a4f76ae404eb4ef4116d0-polkit.service-O4KVyp
snap-private-tmp                                                              systemd-private-cfd079adb38a4f76ae404eb4ef4116d0-systemd-logind.service-D4
systemd-private-cfd079adb38a4f76ae404eb4ef4116d0-ModemManager.service-fKKkT6  systemd-private-cfd079adb38a4f76ae404eb4ef4116d0-systemd-resolved.service-
systemd-private-cfd079adb38a4f76ae404eb4ef4116d0-chrony.service-dabmGY
root@ip-192-40-2-172:/tmp# gzip Shiva.txt
root@ip-192-40-2-172:/tmp# gunzip Shiva.txt.gz > Nel.txt
root@ip-192-40-2-172:/tmp# ls
Nel.txt                                                                       systemd-private-cfd079adb38a4f76ae404eb4ef4116d0-chrony.service-dabmGY
Shiva.txt                                                                     systemd-private-cfd079adb38a4f76ae404eb4ef4116d0-fwupd.service-dULNxe
rrr                                                                           systemd-private-cfd079adb38a4f76ae404eb4ef4116d0-polkit.service-O4KVyp
snap-private-tmp                                                              systemd-private-cfd079adb38a4f76ae404eb4ef4116d0-systemd-logind.service-D4
systemd-private-cfd079adb38a4f76ae404eb4ef4116d0-ModemManager.service-fKKkT6  systemd-private-cfd079adb38a4f76ae404eb4ef4116d0-systemd-resolved.service-
root@ip-192-40-2-172:/tmp# cat Nel.txt
root@ip-192-40-2-172:/tmp# gunzip  -c  Shiva.txt.gz > Nel.txt
gzip: Shiva.txt.gz: No such file or directory
root@ip-192-40-2-172:/tmp# gunzip  -c  Shiva.txt.gz > Ram.txt
gzip: Shiva.txt.gz: No such file or directory
root@ip-192-40-2-172:/tmp# gzip Shiva.txt
root@ip-192-40-2-172:/tmp# ls
Nel.txt                                                                       systemd-private-cfd079adb38a4f76ae404eb4ef4116d0-chrony.service-dabmGY
Ram.txt                                                                       systemd-private-cfd079adb38a4f76ae404eb4ef4116d0-fwupd.service-dULNxe
Shiva.txt.gz                                                                  systemd-private-cfd079adb38a4f76ae404eb4ef4116d0-polkit.service-O4KVyp
rrr                                                                           systemd-private-cfd079adb38a4f76ae404eb4ef4116d0-systemd-logind.service-D4
snap-private-tmp                                                              systemd-private-cfd079adb38a4f76ae404eb4ef4116d0-systemd-resolved.service-
systemd-private-cfd079adb38a4f76ae404eb4ef4116d0-ModemManager.service-fKKkT6
root@ip-192-40-2-172:/tmp# gunzip  -c  Shiva.txt.gz > rm.txt
root@ip-192-40-2-172:/tmp# ls
Nel.txt           systemd-private-cfd079adb38a4f76ae404eb4ef4116d0-ModemManager.service-fKKkT6
Ram.txt           systemd-private-cfd079adb38a4f76ae404eb4ef4116d0-chrony.service-dabmGY
Shiva.txt.gz      systemd-private-cfd079adb38a4f76ae404eb4ef4116d0-fwupd.service-dULNxe
rm.txt            systemd-private-cfd079adb38a4f76ae404eb4ef4116d0-polkit.service-O4KVyp
rrr               systemd-private-cfd079adb38a4f76ae404eb4ef4116d0-systemd-logind.service-D4ZJQv
snap-private-tmp  systemd-private-cfd079adb38a4f76ae404eb4ef4116d0-systemd-resolved.service-l0Ql11
root@ip-192-40-2-172:/tmp# cat rm.txt
Hello ntr sir
notting sir

bloackbaster movies in indian cinema

Hello ntr sir
notting sir

root@ip-192-40-2-172:/tmp# tar -cf rm.txt Nel.txt
root@ip-192-40-2-172:/tmp# ls
Nel.txt           systemd-private-cfd079adb38a4f76ae404eb4ef4116d0-ModemManager.service-fKKkT6
Ram.txt           systemd-private-cfd079adb38a4f76ae404eb4ef4116d0-chrony.service-dabmGY
Shiva.txt.gz      systemd-private-cfd079adb38a4f76ae404eb4ef4116d0-fwupd.service-dULNxe
rm.txt            systemd-private-cfd079adb38a4f76ae404eb4ef4116d0-polkit.service-O4KVyp
rrr               systemd-private-cfd079adb38a4f76ae404eb4ef4116d0-systemd-logind.service-D4ZJQv
snap-private-tmp  systemd-private-cfd079adb38a4f76ae404eb4ef4116d0-systemd-resolved.service-l0Ql11
root@ip-192-40-2-172:/tmp# tar -cf ramarao.tar  rm.txt Nel.txt
root@ip-192-40-2-172:/tmp# ls
Nel.txt           systemd-private-cfd079adb38a4f76ae404eb4ef4116d0-ModemManager.service-fKKkT6
Ram.txt           systemd-private-cfd079adb38a4f76ae404eb4ef4116d0-chrony.service-dabmGY
Shiva.txt.gz      systemd-private-cfd079adb38a4f76ae404eb4ef4116d0-fwupd.service-dULNxe
ramarao.tar       systemd-private-cfd079adb38a4f76ae404eb4ef4116d0-polkit.service-O4KVyp
rm.txt            systemd-private-cfd079adb38a4f76ae404eb4ef4116d0-systemd-logind.service-D4ZJQv
rrr               systemd-private-cfd079adb38a4f76ae404eb4ef4116d0-systemd-resolved.service-l0Ql11
snap-private-tmp
root@ip-192-40-2-172:/tmp# cat ramarao.tar
rm.txt0000644000000000000000000002400014751310576010740 0ustar  rootrootNel.txt0000644000000000000000000000000014751310325011022 0ustar  rootrootNel.txt000000000000000014751310325011022 0ustar  rootrootroot@ip-192-40-2-172:/tmp# ^C
root@ip-192-40-2-172:/tmp# untar ramarao.tar
Command 'untar' not found, did you mean:
  command 'unrar' from deb unrar-free (1:0.1.3-1)
  command 'unrar' from deb unrar (1:7.0.5-1)
  command 'unar' from deb unar (1.10.7+ds1+really1.10.1-2build3)
Try: apt install <deb name>
root@ip-192-40-2-172:/tmp# alisa ll=ls -al
Command 'alisa' not found, did you mean:
  command 'elisa' from snap elisa (24.12.0)
  command 'elisa' from deb elisa (23.08.4-0ubuntu1)
  command 'alsa' from deb alsa-base (1.0.25+dfsg-0ubuntu7)
See 'snap info <snapname>' for additional versions.
root@ip-192-40-2-172:/tmp# alisa ll= 'ls -al'
Command 'alisa' not found, did you mean:
  command 'elisa' from snap elisa (24.12.0)
  command 'alsa' from deb alsa-base (1.0.25+dfsg-0ubuntu7)
  command 'elisa' from deb elisa (23.08.4-0ubuntu1)
See 'snap info <snapname>' for additional versions.
root@ip-192-40-2-172:/tmp# alisa ll='ls -al'
Command 'alisa' not found, did you mean:
  command 'elisa' from snap elisa (24.12.0)
  command 'alsa' from deb alsa-base (1.0.25+dfsg-0ubuntu7)
  command 'elisa' from deb elisa (23.08.4-0ubuntu1)
See 'snap info <snapname>' for additional versions.
root@ip-192-40-2-172:/tmp#
root@ip-192-40-2-172:/tmp#
root@ip-192-40-2-172:/tmp# alias ll='ls -al'
root@ip-192-40-2-172:/tmp#
root@ip-192-40-2-172:/tmp# ll
total 92
drwxrwxrwt 13 root root  4096 Feb  7 04:52 .
drwxr-xr-x 22 root root  4096 Feb  7 03:47 ..
drwxrwxrwt  2 root root  4096 Feb  7 03:47 .ICE-unix
drwxrwxrwt  2 root root  4096 Feb  7 03:47 .X11-unix
drwxrwxrwt  2 root root  4096 Feb  7 03:47 .XIM-unix
drwxrwxrwt  2 root root  4096 Feb  7 03:47 .font-unix
-rw-r--r--  1 root root     0 Feb  7 04:49 Nel.txt
-rw-r--r--  1 root root     0 Feb  7 04:49 Ram.txt
-rw-r--r--  1 root root    94 Feb  7 04:35 Shiva.txt.gz
-rw-r--r--  1 root root 20480 Feb  7 04:52 ramarao.tar
-rw-r--r--  1 root root 10240 Feb  7 04:52 rm.txt
-rw-r--r--  1 root root   286 Feb  7 04:17 rrr
drwx------  2 root root  4096 Feb  7 03:47 snap-private-tmp
drwx------  3 root root  4096 Feb  7 03:47 systemd-private-cfd079adb38a4f76ae404eb4ef4116d0-ModemManager.service-fKKkT6
drwx------  3 root root  4096 Feb  7 03:47 systemd-private-cfd079adb38a4f76ae404eb4ef4116d0-chrony.service-dabmGY
drwx------  3 root root  4096 Feb  7 04:16 systemd-private-cfd079adb38a4f76ae404eb4ef4116d0-fwupd.service-dULNxe
drwx------  3 root root  4096 Feb  7 03:47 systemd-private-cfd079adb38a4f76ae404eb4ef4116d0-polkit.service-O4KVyp
drwx------  3 root root  4096 Feb  7 03:47 systemd-private-cfd079adb38a4f76ae404eb4ef4116d0-systemd-logind.service-D4ZJQv
drwx------  3 root root  4096 Feb  7 03:47 systemd-private-cfd079adb38a4f76ae404eb4ef4116d0-systemd-resolved.service-l0Ql11
root@ip-192-40-2-172:/tmp# alias rs='ls -al'
root@ip-192-40-2-172:/tmp# rs
total 92
drwxrwxrwt 13 root root  4096 Feb  7 04:52 .
drwxr-xr-x 22 root root  4096 Feb  7 03:47 ..
drwxrwxrwt  2 root root  4096 Feb  7 03:47 .ICE-unix
drwxrwxrwt  2 root root  4096 Feb  7 03:47 .X11-unix
drwxrwxrwt  2 root root  4096 Feb  7 03:47 .XIM-unix
drwxrwxrwt  2 root root  4096 Feb  7 03:47 .font-unix
-rw-r--r--  1 root root     0 Feb  7 04:49 Nel.txt
-rw-r--r--  1 root root     0 Feb  7 04:49 Ram.txt
-rw-r--r--  1 root root    94 Feb  7 04:35 Shiva.txt.gz
-rw-r--r--  1 root root 20480 Feb  7 04:52 ramarao.tar
-rw-r--r--  1 root root 10240 Feb  7 04:52 rm.txt
-rw-r--r--  1 root root   286 Feb  7 04:17 rrr
drwx------  2 root root  4096 Feb  7 03:47 snap-private-tmp
drwx------  3 root root  4096 Feb  7 03:47 systemd-private-cfd079adb38a4f76ae404eb4ef4116d0-ModemManager.service-fKKkT6
drwx------  3 root root  4096 Feb  7 03:47 systemd-private-cfd079adb38a4f76ae404eb4ef4116d0-chrony.service-dabmGY
drwx------  3 root root  4096 Feb  7 04:16 systemd-private-cfd079adb38a4f76ae404eb4ef4116d0-fwupd.service-dULNxe
drwx------  3 root root  4096 Feb  7 03:47 systemd-private-cfd079adb38a4f76ae404eb4ef4116d0-polkit.service-O4KVyp
drwx------  3 root root  4096 Feb  7 03:47 systemd-private-cfd079adb38a4f76ae404eb4ef4116d0-systemd-logind.service-D4ZJQv
drwx------  3 root root  4096 Feb  7 03:47 systemd-private-cfd079adb38a4f76ae404eb4ef4116d0-systemd-resolved.service-l0Ql11
root@ip-192-40-2-172:/tmp# tail -f /home/ubuntu/ntr
tail: error reading '/home/ubuntu/ntr': Is a directory
tail: /home/ubuntu/ntr: cannot follow end of this type of file; giving up on this name
tail: no files remaining
root@ip-192-40-2-172:/tmp# tail -f /home/ubuntu/ntr
tail: error reading '/home/ubuntu/ntr': Is a directory
tail: /home/ubuntu/ntr: cannot follow end of this type of file; giving up on this name
tail: no files remaining
root@ip-192-40-2-172:/tmp# ls
Nel.txt           systemd-private-cfd079adb38a4f76ae404eb4ef4116d0-ModemManager.service-fKKkT6
Ram.txt           systemd-private-cfd079adb38a4f76ae404eb4ef4116d0-chrony.service-dabmGY
Shiva.txt.gz      systemd-private-cfd079adb38a4f76ae404eb4ef4116d0-fwupd.service-dULNxe
ramarao.tar       systemd-private-cfd079adb38a4f76ae404eb4ef4116d0-polkit.service-O4KVyp
rm.txt            systemd-private-cfd079adb38a4f76ae404eb4ef4116d0-systemd-logind.service-D4ZJQv
rrr               systemd-private-cfd079adb38a4f76ae404eb4ef4116d0-systemd-resolved.service-l0Ql11
snap-private-tmp
root@ip-192-40-2-172:/tmp# tail Nel.txt
root@ip-192-40-2-172:/tmp# tail -f Nel.txt
^C
root@ip-192-40-2-172:/tmp#






sudo su
root@ip-192-40-2-172:/home/ubuntu#
root@ip-192-40-2-172:/home/ubuntu# ls
ntr  ram
root@ip-192-40-2-172:/home/ubuntu#
root@ip-192-40-2-172:/home/ubuntu# cd /tmp
root@ip-192-40-2-172:/tmp# ls
snap-private-tmp                                                              systemd-private-aac155801d2448d4bb2af91b80d9f4a8-systemd-logind.service-N6uDBO
systemd-private-aac155801d2448d4bb2af91b80d9f4a8-ModemManager.service-xMcPmU  systemd-private-aac155801d2448d4bb2af91b80d9f4a8-systemd-resolved.service-nR9e8f
systemd-private-aac155801d2448d4bb2af91b80d9f4a8-chrony.service-36GF6S        systemd-private-aac155801d2448d4bb2af91b80d9f4a8-systemd-timedated.service-msNZdf
systemd-private-aac155801d2448d4bb2af91b80d9f4a8-polkit.service-AUEHcO
root@ip-192-40-2-172:/tmp# ls
snap-private-tmp                                                              systemd-private-aac155801d2448d4bb2af91b80d9f4a8-polkit.service-AUEHcO
systemd-private-aac155801d2448d4bb2af91b80d9f4a8-ModemManager.service-xMcPmU  systemd-private-aac155801d2448d4bb2af91b80d9f4a8-systemd-logind.service-N6uDBO
systemd-private-aac155801d2448d4bb2af91b80d9f4a8-chrony.service-36GF6S        systemd-private-aac155801d2448d4bb2af91b80d9f4a8-systemd-resolved.service-nR9e8f
root@ip-192-40-2-172:/tmp# ls
snap-private-tmp                                                              systemd-private-aac155801d2448d4bb2af91b80d9f4a8-polkit.service-AUEHcO
systemd-private-aac155801d2448d4bb2af91b80d9f4a8-ModemManager.service-xMcPmU  systemd-private-aac155801d2448d4bb2af91b80d9f4a8-systemd-logind.service-N6uDBO
systemd-private-aac155801d2448d4bb2af91b80d9f4a8-chrony.service-36GF6S        systemd-private-aac155801d2448d4bb2af91b80d9f4a8-systemd-resolved.service-nR9e8f
root@ip-192-40-2-172:/tmp# cd /home/ubuntu
root@ip-192-40-2-172:/home/ubuntu# ls
ntr  ram
root@ip-192-40-2-172:/home/ubuntu# cat ntr
cat: ntr: Is a directory
root@ip-192-40-2-172:/home/ubuntu# cd ntr
root@ip-192-40-2-172:/home/ubuntu/ntr# ls
Devara2.txt  Shiva.txt  devara.txt
root@ip-192-40-2-172:/home/ubuntu/ntr# cat Shiva.txt
Hello ntr sir
notting sir

bloackbaster movies in indian cinema

Hello ntr sir
notting sir

root@ip-192-40-2-172:/home/ubuntu/ntr# grep -i Shiva.txt
^C
root@ip-192-40-2-172:/home/ubuntu/ntr# grep -i ntr Shiva.txt
Hello ntr sir
Hello ntr sir
root@ip-192-40-2-172:/home/ubuntu/ntr# grep -o ntr Shiva.txt
ntr
ntr
root@ip-192-40-2-172:/home/ubuntu/ntr# grep -n ntr Shiva.txt
1:Hello ntr sir
6:Hello ntr sir
root@ip-192-40-2-172:/home/ubuntu/ntr# grep -v ntr Shiva.txt
notting sir

bloackbaster movies in indian cinema

notting sir

root@ip-192-40-2-172:/home/ubuntu/ntr# grep -e ntr Shiva.txt
Hello ntr sir
Hello ntr sir
root@ip-192-40-2-172:/home/ubuntu/ntr# grep -f ntr Shiva.txt
grep: ntr: No such file or directory
root@ip-192-40-2-172:/home/ubuntu/ntr# grep -A1 ntr Shiva.txt
Hello ntr sir
notting sir
--
Hello ntr sir
notting sir
root@ip-192-40-2-172:/home/ubuntu/ntr# grep -R ntr Shiva.txt
Hello ntr sir
Hello ntr sir
root@ip-192-40-2-172:/home/ubuntu/ntr# grep -w ntr Shiva.txt
Hello ntr sir
Hello ntr sir
root@ip-192-40-2-172:/home/ubuntu/ntr# sort Shiva.txt



Hello ntr sir
Hello ntr sir
bloackbaster movies in indian cinema
notting sir
notting sir
root@ip-192-40-2-172:/home/ubuntu/ntr# long Shiva.txt
Command 'long' not found, did you mean:
  command 'kong' from snap kong (2.0.4)
  command 'kong' from snap kong (0.13.1)
See 'snap info <snapname>' for additional versions.
root@ip-192-40-2-172:/home/ubuntu/ntr# ls
Devara2.txt  Shiva.txt  devara.txt
root@ip-192-40-2-172:/home/ubuntu/ntr# diff Shiva.txt Devara2.txt
1,3d0
< Hello ntr sir
< notting sir
<
root@ip-192-40-2-172:/home/ubuntu/ntr# useradd ram
root@ip-192-40-2-172:/home/ubuntu/ntr# ls
Devara2.txt  Shiva.txt  devara.txt
root@ip-192-40-2-172:/home/ubuntu/ntr# rs
Command 'rs' not found, but can be installed with:
apt install rs            # version 20200313-1, or
apt install reminiscence  # version 0.2.1-2build2
root@ip-192-40-2-172:/home/ubuntu/ntr# alias rs ='ls -al'
bash: alias: rs: not found
bash: alias: =ls -al: not found
root@ip-192-40-2-172:/home/ubuntu/ntr# alias rs='ls -al'
root@ip-192-40-2-172:/home/ubuntu/ntr# rs
total 20
drwxr-xr-x 2 root   root   4096 Feb  7 04:30 .
drwxr-x--- 6 ubuntu ubuntu 4096 Feb  7 09:31 ..
-rw-r--r-- 1 root   root     68 Feb  7 04:29 Devara2.txt
-rw-r--r-- 1 root   root     97 Feb  7 04:30 Shiva.txt
-rw-r--r-- 1 root   root     29 Feb  7 04:27 devara.txt
root@ip-192-40-2-172:/home/ubuntu/ntr# chmod devara.txt
chmod: missing operand after ‘devara.txt’
Try 'chmod --help' for more information.
root@ip-192-40-2-172:/home/ubuntu/ntr# chmod 750 devara.txt
root@ip-192-40-2-172:/home/ubuntu/ntr# rs
total 20
drwxr-xr-x 2 root   root   4096 Feb  7 04:30 .
drwxr-x--- 6 ubuntu ubuntu 4096 Feb  7 09:31 ..
-rw-r--r-- 1 root   root     68 Feb  7 04:29 Devara2.txt
-rw-r--r-- 1 root   root     97 Feb  7 04:30 Shiva.txt
-rwxr-x--- 1 root   root     29 Feb  7 04:27 devara.txt
root@ip-192-40-2-172:/home/ubuntu/ntr# chmod 777 devara.txt
root@ip-192-40-2-172:/home/ubuntu/ntr# rs
total 20
drwxr-xr-x 2 root   root   4096 Feb  7 04:30 .
drwxr-x--- 6 ubuntu ubuntu 4096 Feb  7 09:31 ..
-rw-r--r-- 1 root   root     68 Feb  7 04:29 Devara2.txt
-rw-r--r-- 1 root   root     97 Feb  7 04:30 Shiva.txt
-rwxrwxrwx 1 root   root     29 Feb  7 04:27 devara.txt
root@ip-192-40-2-172:/home/ubuntu/ntr# chmod 707 devara.txt
root@ip-192-40-2-172:/home/ubuntu/ntr# chmod 710 Devara2.txt
root@ip-192-40-2-172:/home/ubuntu/ntr# rs
total 20
drwxr-xr-x 2 root   root   4096 Feb  7 04:30 .
drwxr-x--- 6 ubuntu ubuntu 4096 Feb  7 09:31 ..
-rwx--x--- 1 root   root     68 Feb  7 04:29 Devara2.txt
-rw-r--r-- 1 root   root     97 Feb  7 04:30 Shiva.txt
-rwx---rwx 1 root   root     29 Feb  7 04:27 devara.txt
root@ip-192-40-2-172:/home/ubuntu/ntr# chmod 740 Shiva.txt
root@ip-192-40-2-172:/home/ubuntu/ntr# rs
total 20
drwxr-xr-x 2 root   root   4096 Feb  7 04:30 .
drwxr-x--- 6 ubuntu ubuntu 4096 Feb  7 09:31 ..
-rwx--x--- 1 root   root     68 Feb  7 04:29 Devara2.txt
-rwxr----- 1 root   root     97 Feb  7 04:30 Shiva.txt
-rwx---rwx 1 root   root     29 Feb  7 04:27 devara.txt
root@ip-192-40-2-172:/home/ubuntu/ntr# umask ram.txt
bash: umask: `r': invalid symbolic mode operator
root@ip-192-40-2-172:/home/ubuntu/ntr# umask Shiva.txt
bash: umask: `S': invalid symbolic mode operator
root@ip-192-40-2-172:/home/ubuntu/ntr# umask
0022
root@ip-192-40-2-172:/home/ubuntu/ntr# rs
total 20
drwxr-xr-x 2 root   root   4096 Feb  7 04:30 .
drwxr-x--- 6 ubuntu ubuntu 4096 Feb  7 09:31 ..
-rwx--x--- 1 root   root     68 Feb  7 04:29 Devara2.txt
-rwxr----- 1 root   root     97 Feb  7 04:30 Shiva.txt
-rwx---rwx 1 root   root     29 Feb  7 04:27 devara.txt
root@ip-192-40-2-172:/home/ubuntu/ntr# du
16      .
root@ip-192-40-2-172:/home/ubuntu/ntr# df
Filesystem     1K-blocks    Used Available Use% Mounted on
/dev/root        7034376 1790440   5227552  26% /
tmpfs             490200       0    490200   0% /dev/shm
tmpfs             196084     876    195208   1% /run
tmpfs               5120       0      5120   0% /run/lock
/dev/xvda16       901520   77044    761348  10% /boot
/dev/xvda15       106832    6246    100586   6% /boot/efi
tmpfs              98040      12     98028   1% /run/user/1000
root@ip-192-40-2-172:/home/ubuntu/ntr# df -hT
Filesystem     Type   Size  Used Avail Use% Mounted on
/dev/root      ext4   6.8G  1.8G  5.0G  26% /
tmpfs          tmpfs  479M     0  479M   0% /dev/shm
tmpfs          tmpfs  192M  876K  191M   1% /run
tmpfs          tmpfs  5.0M     0  5.0M   0% /run/lock
/dev/xvda16    ext4   881M   76M  744M  10% /boot
/dev/xvda15    vfat   105M  6.1M   99M   6% /boot/efi
tmpfs          tmpfs   96M   12K   96M   1% /run/user/1000
root@ip-192-40-2-172:/home/ubuntu/ntr# df -du
df: invalid option -- 'd'
Try 'df --help' for more information.
root@ip-192-40-2-172:/home/ubuntu/ntr# ps
    PID TTY          TIME CMD
   1038 pts/1    00:00:00 sudo
   1039 pts/1    00:00:00 su
   1040 pts/1    00:00:00 bash
  12321 pts/1    00:00:00 ps
root@ip-192-40-2-172:/home/ubuntu/ntr# ls
Devara2.txt  Shiva.txt  devara.txt
root@ip-192-40-2-172:/home/ubuntu/ntr# df -hT
Filesystem     Type   Size  Used Avail Use% Mounted on
/dev/root      ext4   6.8G  1.8G  5.0G  26% /
tmpfs          tmpfs  479M     0  479M   0% /dev/shm
tmpfs          tmpfs  192M  880K  191M   1% /run
tmpfs          tmpfs  5.0M     0  5.0M   0% /run/lock
/dev/xvda16    ext4   881M   76M  744M  10% /boot
/dev/xvda15    vfat   105M  6.1M   99M   6% /boot/efi
tmpfs          tmpfs   96M   12K   96M   1% /run/user/1000
root@ip-192-40-2-172:/home/ubuntu/ntr# du
16      .
root@ip-192-40-2-172:/home/ubuntu/ntr# ps
    PID TTY          TIME CMD
   1038 pts/1    00:00:00 sudo
   1039 pts/1    00:00:00 su
   1040 pts/1    00:00:00 bash
  13572 pts/1    00:00:00 ps
root@ip-192-40-2-172:/home/ubuntu/ntr# top
top - 10:07:45 up 36 min,  2 users,  load average: 0.00, 0.00, 0.00
Tasks: 110 total,   2 running, 108 sleeping,   0 stopped,   0 zombie
%Cpu(s):  0.3 us,  0.3 sy,  0.0 ni, 85.1 id,  0.0 wa,  0.0 hi,  0.0 si, 14.3 st
MiB Mem :    957.4 total,    463.6 free,    313.9 used,    331.1 buff/cache
MiB Swap:      0.0 total,      0.0 free,      0.0 used.    643.6 avail Mem

    PID USER      PR  NI    VIRT    RES    SHR S  %CPU  %MEM     TIME+ COMMAND
    952 ubuntu    20   0    7740   3456   3200 S   0.3   0.4   0:02.02 bash
  13645 root      20   0   12364   5760   3584 R   0.3   0.6   0:00.07 top
      1 root      20   0   21976  13296   9584 S   0.0   1.4   0:01.23 systemd
      2 root      20   0       0      0      0 S   0.0   0.0   0:00.00 kthreadd
      3 root      20   0       0      0      0 S   0.0   0.0   0:00.00 pool_workqueue_release
      4 root       0 -20       0      0      0 I   0.0   0.0   0:00.00 kworker/R-rcu_g
      5 root       0 -20       0      0      0 I   0.0   0.0   0:00.00 kworker/R-rcu_p
      6 root       0 -20       0      0      0 I   0.0   0.0   0:00.00 kworker/R-slub_
      7 root       0 -20       0      0      0 I   0.0   0.0   0:00.00 kworker/R-netns
      9 root      20   0       0      0      0 I   0.0   0.0   0:00.02 kworker/0:1-cgroup_destroy
     10 

top - 10:08:09 up 37 min,  2 users,  load average: 0.00, 0.00, 0.00
Tasks: 111 total,   1 running, 110 sleeping,   0 stopped,   0 zombie
%Cpu(s):  0.3 us,  0.6 sy,  0.0 ni, 91.9 id,  0.3 wa,  0.0 hi,  0.0 si,  6.8 st
MiB Mem :    957.4 total,    470.7 free,    306.5 used,    331.2 buff/cache
MiB Swap:      0.0 total,      0.0 free,      0.0 used.    650.9 avail Mem

    PID USER      PR  NI    VIRT    RES    SHR S  %CPU  %MEM     TIME+ COMMAND
      1 root      20   0   21976  13296   9584 S   0.0   1.4   0:01.23 systemd
      2 root      20   0       0      0      0 S   0.0   0.0   0:00.00 kthreadd
      3 root      20   0       0      0      0 S   0.0   0.0   0:00.00 pool_workqueue_release
      4 root       0 -20       0      0      0 I   0.0   0.0   0:00.00 kworker/R-rcu_g
      5 root       0 -20       0      0      0 I   0.0   0.0   0:00.00 kworker/R-rcu_p
      6 root       0 -20       0      0      0 I   0.0   0.0   0:00.00 kworker/R-slub_
      7 root       0 -20       0      0      0 I   0.0   0.0   0:00.00 kworker/R-netns
      9 root      20   0       0      0      0 I   0.0   0.0   0:00.02 kworker/0:1-cgroup_destroy
     10 root       0 -20       0      0      0 I   0.0   0.0   0:00.00 kworker/0:0H-events_highpri
     11 root      20   0       0      0      0 I   0.0   0.0   0:00.06 kworker/u30:0-events_power_efficient


Usage:
 top [options]


For more details see top(1).
root@ip-192-40-2-172:/home/ubuntu/ntr# top -u ram
top - 10:08:45 up 37 min,  2 users,  load average: 0.00, 0.00, 0.00
Tasks: 110 total,   1 running, 109 sleeping,   0 stopped,   0 zombie
%Cpu(s):  0.3 us,  0.6 sy,  0.0 ni, 94.9 id,  0.0 wa,  0.0 hi,  0.0 si,  4.1 st
MiB Mem :    957.4 total,    473.6 free,    303.6 used,    331.3 buff/cache
MiB Swap:      0.0 total,      0.0 free,      0.0 used.    653.8 avail Mem

    PID USER      PR  NI    VIRT    RES    SHR S  %CPU  %MEM     TIME+ COMMAND


root@ip-192-40-2-172:/home/ubuntu/ntr# top -h

Usage:
 top [options]

Options:
 -b, --batch-mode                run in non-interactive batch mode
 -c, --cmdline-toggle            reverse last remembered 'c' state
 -d, --delay =SECS [.TENTHS]     iterative delay as SECS [.TENTHS]
 -E, --scale-summary-mem =SCALE  set mem as: k,m,g,t,p,e for SCALE
 -e, --scale-task-mem =SCALE     set mem with: k,m,g,t,p for SCALE
 -H, --threads-show              show tasks plus all their threads
 -i, --idle-toggle               reverse last remembered 'i' state
 -n, --iterations =NUMBER        exit on maximum iterations NUMBER
 -O, --list-fields               output all field names, then exit
 -o, --sort-override =FIELD      force sorting on this named FIELD
 -p, --pid =PIDLIST              monitor only the tasks in PIDLIST
 -S, --accum-time-toggle         reverse last remembered 'S' state
 -s, --secure-mode               run with secure mode restrictions
 -U, --filter-any-user =USER     show only processes owned by USER
 -u, --filter-only-euser =USER   show only processes owned by USER
 -w, --width [=COLUMNS]          change print width [,use COLUMNS]
 -1, --single-cpu-toggle         reverse last remembered '1' state

 -h, --help                      display this help text, then exit
 -V, --version                   output version information & exit

For more details see top(1).
root@ip-192-40-2-172:/home/ubuntu/ntr# with
Command 'with' not found, did you mean:
  command 'wish' from deb tk (8.6.13)
  command 'wit' from deb wit (3.01a-4.1)
Try: apt install <deb name>
root@ip-192-40-2-172:/home/ubuntu/ntr# where
where: command not found
root@ip-192-40-2-172:/home/ubuntu/ntr# which
root@ip-192-40-2-172:/home/ubuntu/ntr# tupe
Command 'tupe' not found, did you mean:
  command 'tupi' from deb tupi (0.2+git08-5)
  command 'tape' from deb node-tape (5.6.1+~cs8.20.19-1)
  command 'tup' from deb tup (0.7.11-4)
Try: apt install <deb name>
root@ip-192-40-2-172:/home/ubuntu/ntr# type
root@ip-192-40-2-172:/home/ubuntu/ntr# whoiam
whoiam: command not found
root@ip-192-40-2-172:/home/ubuntu/ntr# whoami
root
root@ip-192-40-2-172:/home/ubuntu/ntr# who
ubuntu   pts/0        2025-02-07 09:31 (106.222.229.79)
ubuntu   pts/1        2025-02-07 09:31 (106.222.229.79)
root@ip-192-40-2-172:/home/ubuntu/ntr# ping www.google.com
PING www.google.com (172.253.115.103) 56(84) bytes of data.
64 bytes from bg-in-f103.1e100.net (172.253.115.103): icmp_seq=1 ttl=105 time=2.08 ms
64 bytes from bg-in-f103.1e100.net (172.253.115.103): icmp_seq=2 ttl=105 time=1.70 ms
64 bytes from bg-in-f103.1e100.net (172.253.115.103): icmp_seq=3 ttl=105 time=1.72 ms
^C
--- www.google.com ping statistics ---
3 packets transmitted, 3 received, 0% packet loss, time 2004ms
rtt min/avg/max/mdev = 1.703/1.833/2.081/0.175 ms
root@ip-192-40-2-172:/home/ubuntu/ntr# export -x
bash: export: -x: invalid option
export: usage: export [-fn] [name[=value] ...] or export -p
root@ip-192-40-2-172:/home/ubuntu/ntr# export -p
declare -x DISPLAY="localhost:10.0"
declare -x HOME="/root"
declare -x LANG="C.UTF-8"
declare -x LESSCLOSE="/usr/bin/lesspipe %s %s"
declare -x LESSOPEN="| /usr/bin/lesspipe %s"
declare -x LOGNAME="root"
declare -x LS_COLORS="rs=0:di=01;34:ln=01;36:mh=00:pi=40;33:so=01;35:do=01;35:bd=40;33;01:cd=40;33;01:or=40;31;01:mi=00:su=37;41:sg=30;43:ca=00:tw=30;42:ow=34;42:st=37;44:ex=01;32:*.tar=01;31:*.tgz=01;31:*.arc=01;31:*.arj=01;31:*.taz=01;31:*.lha=01;31:*.lz4=01;31:*.lzh=01;31:*.lzma=01;31:*.tlz=01;31:*.txz=01;31:*.tzo=01;31:*.t7z=01;31:*.zip=01;31:*.z=01;31:*.dz=01;31:*.gz=01;31:*.lrz=01;31:*.lz=01;31:*.lzo=01;31:*.xz=01;31:*.zst=01;31:*.tzst=01;31:*.bz2=01;31:*.bz=01;31:*.tbz=01;31:*.tbz2=01;31:*.tz=01;31:*.deb=01;31:*.rpm=01;31:*.jar=01;31:*.war=01;31:*.ear=01;31:*.sar=01;31:*.rar=01;31:*.alz=01;31:*.ace=01;31:*.zoo=01;31:*.cpio=01;31:*.7z=01;31:*.rz=01;31:*.cab=01;31:*.wim=01;31:*.swm=01;31:*.dwm=01;31:*.esd=01;31:*.avif=01;35:*.jpg=01;35:*.jpeg=01;35:*.mjpg=01;35:*.mjpeg=01;35:*.gif=01;35:*.bmp=01;35:*.pbm=01;35:*.pgm=01;35:*.ppm=01;35:*.tga=01;35:*.xbm=01;35:*.xpm=01;35:*.tif=01;35:*.tiff=01;35:*.png=01;35:*.svg=01;35:*.svgz=01;35:*.mng=01;35:*.pcx=01;35:*.mov=01;35:*.mpg=01;35:*.mpeg=01;35:*.m2v=01;35:*.mkv=01;35:*.webm=01;35:*.webp=01;35:*.ogm=01;35:*.mp4=01;35:*.m4v=01;35:*.mp4v=01;35:*.vob=01;35:*.qt=01;35:*.nuv=01;35:*.wmv=01;35:*.asf=01;35:*.rm=01;35:*.rmvb=01;35:*.flc=01;35:*.avi=01;35:*.fli=01;35:*.flv=01;35:*.gl=01;35:*.dl=01;35:*.xcf=01;35:*.xwd=01;35:*.yuv=01;35:*.cgm=01;35:*.emf=01;35:*.ogv=01;35:*.ogx=01;35:*.aac=00;36:*.au=00;36:*.flac=00;36:*.m4a=00;36:*.mid=00;36:*.midi=00;36:*.mka=00;36:*.mp3=00;36:*.mpc=00;36:*.ogg=00;36:*.ra=00;36:*.wav=00;36:*.oga=00;36:*.opus=00;36:*.spx=00;36:*.xspf=00;36:*~=00;90:*#=00;90:*.bak=00;90:*.crdownload=00;90:*.dpkg-dist=00;90:*.dpkg-new=00;90:*.dpkg-old=00;90:*.dpkg-tmp=00;90:*.old=00;90:*.orig=00;90:*.part=00;90:*.rej=00;90:*.rpmnew=00;90:*.rpmorig=00;90:*.rpmsave=00;90:*.swp=00;90:*.tmp=00;90:*.ucf-dist=00;90:*.ucf-new=00;90:*.ucf-old=00;90:"
declare -x MAIL="/var/mail/root"
declare -x OLDPWD="/home/ubuntu"
declare -x PATH="/usr/local/sbin:/usr/local/bin:/usr/sbin:/usr/bin:/sbin:/bin:/usr/games:/usr/local/games:/snap/bin"
declare -x PWD="/home/ubuntu/ntr"
declare -x SHELL="/bin/bash"
declare -x SHLVL="1"
declare -x SUDO_COMMAND="/usr/bin/su"
declare -x SUDO_GID="1000"
declare -x SUDO_UID="1000"
declare -x SUDO_USER="ubuntu"
declare -x TERM="xterm"
declare -x USER="root"
root@ip-192-40-2-172:/home/ubuntu/ntr# ls
Devara2.txt  Shiva.txt  devara.txt
root@ip-192-40-2-172:/home/ubuntu/ntr# cd .
root@ip-192-40-2-172:/home/ubuntu/ntr# cd ..
root@ip-192-40-2-172:/home/ubuntu# ls
ntr  ram
root@ip-192-40-2-172:/home/ubuntu# cat ram
cat: ram: Is a directory
root@ip-192-40-2-172:/home/ubuntu# cd ram
root@ip-192-40-2-172:/home/ubuntu/ram# ls
ram
root@ip-192-40-2-172:/home/ubuntu/ram# cat ram
#!/bin/bash
R="\e[31m"
G="\e[32m"
N="\e[0m"
Y="\e[33m"

PERSION1=Ram
PERSION2=Ravi


echo  -e "$PERSION2:: $R Hello $PERSION1, How are you.... ? $N"
echo  -e "$PERSION1:: $G Hi ${PERSION2} Iam Fine How are you doing...?$N"
echo  -e "$PERSION2:: $R Iam doing good $PERSION1 What going on.. $N"
echo  -e "$PERSION1:: $Y Iam staring learing shellscripting $PERSION2 $N"

4root@ip-192-40-2-172:/home/ubuntu/ram# crontab
*/2 * * * * ram
^Croot@ip-192-40-2-172:/home/ubuntu/ram# crontab
^[[A^Croot@ip-192-40-2-172:/home/ubuntu/ram# bash ram
Ravi::  Hello Ram, How are you.... ?
Ram::  Hi Ravi Iam Fine How are you doing...?
Ravi::  Iam doing good Ram What going on..
Ram::  Iam staring learing shellscripting Ravi
root@ip-192-40-2-172:/home/ubuntu/ram# pwd
/home/ubuntu/ram
root@ip-192-40-2-172:/home/ubuntu/ram# ^C
root@ip-192-40-2-172:/home/ubuntu/ram# crontap
Command 'crontap' not found, did you mean:
  command 'crontab' from deb cron (3.0pl1-178ubuntu1)
  command 'crontab' from deb bcron (0.11-21)
  command 'crontab' from deb cronie (1.7.0-2)
  command 'crontab' from deb systemd-cron (2.3.0-2)
Try: apt install <deb name>
root@ip-192-40-2-172:/home/ubuntu/ram# crontab
*/2 * * * * /home/ubuntu/ram sh ram
^Croot@ip-192-40-2-172:/home/ubuntu/ram# crontab
*/2 * * * * /home/ubuntu/ram
^Croot@ip-192-40-2-172:/home/ubuntu/ram# crontab -l
no crontab for root
root@ip-192-40-2-172:/home/ubuntu/ram# exit
exit
ubuntu@ip-192-40-2-172:~$ crontab
^Cubuntu@ip-192-40-2-172:~$ crontab -l
no crontab for ubuntu
ubuntu@ip-192-40-2-172:~$ sudo su
root@ip-192-40-2-172:/home/ubuntu# ls
ntr  ram
root@ip-192-40-2-172:/home/ubuntu# cd ram
root@ip-192-40-2-172:/home/ubuntu/ram# ls
ram
root@ip-192-40-2-172:/home/ubuntu/ram# tail -f cron
tail: cannot open 'cron' for reading: No such file or directory
tail: no files remaining
root@ip-192-40-2-172:/home/ubuntu/ram# sudo tail -f cron
tail: cannot open 'cron' for reading: No such file or directory
tail: no files remaining
root@ip-192-40-2-172:/home/ubuntu/ram# tail -f
^[[A^[[A^C
root@ip-192-40-2-172:/home/ubuntu/ram# tail -f bash ram
tail: cannot open 'bash' for reading: No such file or directory
==> ram <==

PERSION1=Ram
PERSION2=Ravi


echo  -e "$PERSION2:: $R Hello $PERSION1, How are you.... ? $N"
echo  -e "$PERSION1:: $G Hi ${PERSION2} Iam Fine How are you doing...?$N"
echo  -e "$PERSION2:: $R Iam doing good $PERSION1 What going on.. $N"
echo  -e "$PERSION1:: $Y Iam staring learing shellscripting $PERSION2 $N"

^C
root@ip-192-40-2-172:/home/ubuntu/ram# sudo tail -f cron
tail: cannot open 'cron' for reading: No such file or directory
tail: no files remaining
root@ip-192-40-2-172:/home/ubuntu/ram# crontab
*/2 /home/ubuntu/ram
^Croot@ip-192-40-2-172:/home/ubuntu/ram# ^C
root@ip-192-40-2-172:/home/ubuntu/ram# crontab
*/2 * * * *
/home/ubuntu/ram
                                ^Croot@ip-192-40-2-172:/home/ubuntu/ram# ^C
root@ip-192-40-2-172:/home/ubuntu/ram# crontab -e
no crontab for root - using an empty one

Select an editor.  To change later, run 'select-editor'.
  1. /bin/nano        <---- easiest
  2. /usr/bin/vim.basic
  3. /usr/bin/vim.tiny
  4. /bin/ed

Choose 1-4 [1]: ^C1
crontab: installing new crontab
root@ip-192-40-2-172:/home/ubuntu/ram# crontab -l

# Edit this file to introduce tasks to be run by cron.
#
# Each task to run has to be defined through a single line
# indicating with different fields when the task will be run
# and what command to run for the task
#
# To define the time you can provide concrete values for
# minute (m), hour (h), day of month (dom), month (mon),
# and day of week (dow) or use '*' in these fields (for 'any').
#
# Notice that tasks will be started based on the cron's system
# daemon's notion of time and timezones.
#
# Output of the crontab jobs (including errors) is sent through
# email to the user the crontab file belongs to (unless redirected).
#
# For example, you can run a backup of all your user accounts
# at 5 a.m every week with:
# 0 5 * * 1 tar -zcf /var/backups/home.tgz /home/
#
# For more information see the manual pages of crontab(5) and cron(8)
#
# m h  dom mon dow   command
root@ip-192-40-2-172:/home/ubuntu/ram# vim ram
root@ip-192-40-2-172:/home/ubuntu/ram# sh ram
ram: 6: */2: not found
-e Ravi::  Hello Ram, How are you.... ?
-e Ram::  Hi Ravi Iam Fine How are you doing...?
-e Ravi::  Iam doing good Ram What going on..
-e Ram::  Iam staring learing shellscripting Ravi
root@ip-192-40-2-172:/home/ubuntu/ram# pwd
/home/ubuntu/ram
root@ip-192-40-2-172:/home/ubuntu/ram# ^C
root@ip-192-40-2-172:/home/ubuntu/ram# crontab -e
crontab: installing new crontab
root@ip-192-40-2-172:/home/ubuntu/ram# cd /var/log
root@ip-192-40-2-172:/var/log# ls
README            amazon      apt       btmp    cloud-init-output.log  dist-upgrade  dmesg.0   journal   landscape  private  sysstat              wtmp
alternatives.log  apport.log  auth.log  chrony  cloud-init.log         dmesg         dpkg.log  kern.log  lastlog    syslog   unattended-upgrades
root@ip-192-40-2-172:/var/log# tail -f cron
tail: cannot open 'cron' for reading: No such file or directory
tail: no files remaining
root@ip-192-40-2-172:/var/log# tail -f chrony
tail: error reading 'chrony': Is a directory
tail: chrony: cannot follow end of this type of file; giving up on this name
tail: no files remaining
root@ip-192-40-2-172:/var/log# cd ..
root@ip-192-40-2-172:/var# ls
backups  cache  crash  lib  local  lock  log  mail  opt  run  snap  spool  tmp
root@ip-192-40-2-172:/var# cd spool
root@ip-192-40-2-172:/var/spool# ls
cron  mail  rsyslog
root@ip-192-40-2-172:/var/spool# cd cron
root@ip-192-40-2-172:/var/spool/cron# ls
crontabs
root@ip-192-40-2-172:/var/spool/cron# tail -f crontabs
tail: error reading 'crontabs': Is a directory
tail: crontabs: cannot follow end of this type of file; giving up on this name
tail: no files remaining
root@ip-192-40-2-172:/var/spool/cron# pwd
/var/spool/cron
root@ip-192-40-2-172:/var/spool/cron# cd /home/ubuntu/rama/
bash: cd: /home/ubuntu/rama/: No such file or directory
root@ip-192-40-2-172:/var/spool/cron# cd /home/ubuntu/ram
root@ip-192-40-2-172:/home/ubuntu/ram# ls
ram
root@ip-192-40-2-172:/home/ubuntu/ram# crontab -e
crontab: installing new crontab
root@ip-192-40-2-172:/home/ubuntu/ram# crontab -e
No modification made
root@ip-192-40-2-172:/home/ubuntu/ram# cd /var/spool/cron
root@ip-192-40-2-172:/var/spool/cron# ls
crontabs
root@ip-192-40-2-172:/var/spool/cron# tail -f
cd^C
root@ip-192-40-2-172:/var/spool/cron# cd /home/ubuntu/rama/
bash: cd: /home/ubuntu/rama/: No such file or directory
root@ip-192-40-2-172:/var/spool/cron# cd /home/ubuntu/ram
root@ip-192-40-2-172:/home/ubuntu/ram# ls
ram
root@ip-192-40-2-172:/home/ubuntu/ram# cat ram
#!/bin/bash
R="\e[31m"
G="\e[32m"
N="\e[0m"
Y="\e[33m"
*/2 * * * *
PERSION1=Ram
PERSION2=Ravi


echo  -e "$PERSION2:: $R Hello $PERSION1, How are you.... ? $N"
echo  -e "$PERSION1:: $G Hi ${PERSION2} Iam Fine How are you doing...?$N"
echo  -e "$PERSION2:: $R Iam doing good $PERSION1 What going on.. $N"
echo  -e "$PERSION1:: $Y Iam staring learing shellscripting $PERSION2 $N"

root@ip-192-40-2-172:/home/ubuntu/ram# ls
ram
root@ip-192-40-2-172:/home/ubuntu/ram# crontab -e
crontab: installing new crontab
root@ip-192-40-2-172:/home/ubuntu/ram# ls
ram
root@ip-192-40-2-172:/home/ubuntu/ram# cd /var/spool/cron
root@ip-192-40-2-172:/var/spool/cron# ls
crontabs
root@ip-192-40-2-172:/var/spool/cron# cd crontabs
root@ip-192-40-2-172:/var/spool/cron/crontabs# ls
root
root@ip-192-40-2-172:/var/spool/cron/crontabs# crontab -e
crontab: installing new crontab
root@ip-192-40-2-172:/var/spool/cron/crontabs# ls
root
root@ip-192-40-2-172:/var/spool/cron/crontabs# cd ..
root@ip-192-40-2-172:/var/spool/cron# tail -f
^C
root@ip-192-40-2-172:/var/spool/cron# tail -f crontabs
tail: error reading 'crontabs': Is a directory
tail: crontabs: cannot follow end of this type of file; giving up on this name
tail: no files remaining
root@ip-192-40-2-172:/var/spool/cron# cd /home/ubuntu/ram
root@ip-192-40-2-172:/home/ubuntu/ram# ls
ram
root@ip-192-40-2-172:/home/ubuntu/ram# cat date.txt
cat: date.txt: No such file or directory
root@ip-192-40-2-172:/home/ubuntu/ram# cd /var
root@ip-192-40-2-172:/var# ls
backups  cache  crash  lib  local  lock  log  mail  opt  run  snap  spool  tmp
root@ip-192-40-2-172:/var# cd spool
root@ip-192-40-2-172:/var/spool# ls
cron  mail  rsyslog
root@ip-192-40-2-172:/var/spool# cd cron
root@ip-192-40-2-172:/var/spool/cron# ls
crontabs
root@ip-192-40-2-172:/var/spool/cron# crontab -e
crontab: installing new crontab
root@ip-192-40-2-172:/var/spool/cron# cd /home/ubuntu
root@ip-192-40-2-172:/home/ubuntu# cd ram
root@ip-192-40-2-172:/home/ubuntu/ram# ls
ram
root@ip-192-40-2-172:/home/ubuntu/ram# ls -al
total 12
drwxr-xr-x 2 root   root   4096 Feb  7 10:45 .
drwxr-x--- 6 ubuntu ubuntu 4096 Feb  7 09:31 ..
-rw-r--r-- 1 root   root    380 Feb  7 10:45 ram
root@ip-192-40-2-172:/home/ubuntu/ram# crontab -e
No modification made
root@ip-192-40-2-172:/home/ubuntu/ram# crontab -e
crontab: installing new crontab
root@ip-192-40-2-172:/home/ubuntu/ram# ls
date.txt  ram
root@ip-192-40-2-172:/home/ubuntu/ram# cat date.txt
Fri Feb  7 11:14:01 UTC 2025
root@ip-192-40-2-172:/home/ubuntu/ram# cat date.txt
Fri Feb  7 11:14:01 UTC 2025
root@ip-192-40-2-172:/home/ubuntu/ram# cat date.txt
Fri Feb  7 11:16:01 UTC 2025
root@ip-192-40-2-172:/home/ubuntu/ram# tail -f date.txt
Fri Feb  7 11:16:01 UTC 2025
tail: date.txt: file truncated
Fri Feb  7 11:18:01 UTC 2025

tail: date.txt: file truncated
Fri Feb  7 11:20:01 UTC 2025
tail: date.txt: file truncated
Fri Feb  7 11:22:01 UTC 2025
^C
root@ip-192-40-2-172:/home/ubuntu/ram# crontab -e
crontab: installing new crontab
root@ip-192-40-2-172:/home/ubuntu/ram# tail -f sh ram
tail: cannot open 'sh' for reading: No such file or directory
==> ram <==
*/2 * * * *
PERSION1=Ram
PERSION2=Ravi


echo  -e "$PERSION2:: $R Hello $PERSION1, How are you.... ? $N"
echo  -e "$PERSION1:: $G Hi ${PERSION2} Iam Fine How are you doing...?$N"
echo  -e "$PERSION2:: $R Iam doing good $PERSION1 What going on.. $N"
echo  -e "$PERSION1:: $Y Iam staring learing shellscripting $PERSION2 $N"

^C
root@ip-192-40-2-172:/home/ubuntu/ram# tail -f ram
*/2 * * * *
PERSION1=Ram
PERSION2=Ravi


echo  -e "$PERSION2:: $R Hello $PERSION1, How are you.... ? $N"
echo  -e "$PERSION1:: $G Hi ${PERSION2} Iam Fine How are you doing...?$N"
echo  -e "$PERSION2:: $R Iam doing good $PERSION1 What going on.. $N"
echo  -e "$PERSION1:: $Y Iam staring learing shellscripting $PERSION2 $N"


^C
root@ip-192-40-2-172:/home/ubuntu/ram# crontab -e
No modification made
root@ip-192-40-2-172:/home/ubuntu/ram# chmod +x /home/ubuntu/ram/ram
root@ip-192-40-2-172:/home/ubuntu/ram# crontab -e
crontab: installing new crontab
root@ip-192-40-2-172:/home/ubuntu/ram# tail -f ram
*/2 * * * *
PERSION1=Ram
PERSION2=Ravi


echo  -e "$PERSION2:: $R Hello $PERSION1, How are you.... ? $N"
echo  -e "$PERSION1:: $G Hi ${PERSION2} Iam Fine How are you doing...?$N"
echo  -e "$PERSION2:: $R Iam doing good $PERSION1 What going on.. $N"
echo  -e "$PERSION1:: $Y Iam staring learing shellscripting $PERSION2 $N"

^C
root@ip-192-40-2-172:/home/ubuntu/ram# tail -f sh ram
tail: cannot open 'sh' for reading: No such file or directory
==> ram <==
*/2 * * * *
PERSION1=Ram
PERSION2=Ravi


echo  -e "$PERSION2:: $R Hello $PERSION1, How are you.... ? $N"
echo  -e "$PERSION1:: $G Hi ${PERSION2} Iam Fine How are you doing...?$N"
echo  -e "$PERSION2:: $R Iam doing good $PERSION1 What going on.. $N"
echo  -e "$PERSION1:: $Y Iam staring learing shellscripting $PERSION2 $N"

^C
root@ip-192-40-2-172:/home/ubuntu/ram# sh ram
ram: 6: */2: not found
-e Ravi::  Hello Ram, How are you.... ?
-e Ram::  Hi Ravi Iam Fine How are you doing...?
-e Ravi::  Iam doing good Ram What going on..
-e Ram::  Iam staring learing shellscripting Ravi
root@ip-192-40-2-172:/home/ubuntu/ram# ^C
root@ip-192-40-2-172:/home/ubuntu/ram# chmod +x /home/ubuntu/ram/ram
root@ip-192-40-2-172:/home/ubuntu/ram# crontab -e
crontab: installing new crontab
root@ip-192-40-2-172:/home/ubuntu/ram# cat /home/ubuntu/ram/output.log
cat: /home/ubuntu/ram/output.log: No such file or directory
root@ip-192-40-2-172:/home/ubuntu/ram# ls
date.txt  ram
root@ip-192-40-2-172:/home/ubuntu/ram# tail -f /home/ubuntu/ram/output.log
tail: cannot open '/home/ubuntu/ram/output.log' for reading: No such file or directory
tail: no files remaining
root@ip-192-40-2-172:/home/ubuntu/ram# crontab -e
crontab: installing new crontab
root@ip-192-40-2-172:/home/ubuntu/ram# tail -f /home/ubuntu/ram/out.log
tail: cannot open '/home/ubuntu/ram/out.log' for reading: No such file or directory
tail: no files remaining
root@ip-192-40-2-172:/home/ubuntu/ram# ls
date.txt  output.log  ram
root@ip-192-40-2-172:/home/ubuntu/ram# tail -f /home/ubuntu/ram/output.log
/home/ubuntu/ram/ram: line 6: */2: No such file or directory
Ravi::  Hello Ram, How are you.... ?
Ram::  Hi Ravi Iam Fine How are you doing...?
Ravi::  Iam doing good Ram What going on..
Ram::  Iam staring learing shellscripting Ravi
^C
root@ip-192-40-2-172:/home/ubuntu/ram# crontab -e
crontab: installing new crontab
root@ip-192-40-2-172:/home/ubuntu/ram# tail -f /home/ubuntu/ram/output.log
/home/ubuntu/ram/ram: line 6: */2: No such file or directory
Ravi::  Hello Ram, How are you.... ?
Ram::  Hi Ravi Iam Fine How are you doing...?
Ravi::  Iam doing good Ram What going on..
Ram::  Iam staring learing shellscripting Ravi
Ravi::  Hello Ram, How are you.... ?
Ram::  Hi Ravi Iam Fine How are you doing...?
Ravi::  Iam doing good Ram What going on..
Ram::  Iam staring learing shellscripting Ravi
Ravi::  Hello Ram, How are you.... ?
Ram::  Hi Ravi Iam Fine How are you doing...?
Ravi::  Iam doing good Ram What going on..
Ram::  Iam staring learing shellscripting Ravi
Ravi::  Hello Ram, How are you.... ?
Ram::  Hi Ravi Iam Fine How are you doing...?
Ravi::  Iam doing good Ram What going on..
Ram::  Iam staring learing shellscripting Ravi
^C
root@ip-192-40-2-172:/home/ubuntu/ram# crontab -e
No modification made
root@ip-192-40-2-172:/home/ubuntu/ram# ^C
root@ip-192-40-2-172:/home/ubuntu/ram# crontab -e
No modification made
root@ip-192-40-2-172:/home/ubuntu/ram# */1 * * * * /home/ubuntu/ram/ram >> /home/ubuntu/ram/output.log
